tony@ubuntu:~/cmpt433$ gdb-multiarch a.out
GNU gdb (Ubuntu 9.2-0ubuntu1~20.04.1) 9.2
Copyright (C) 2020 Free Software Foundation, Inc.
License GPLv3+: GNU GPL version 3 or later <http://gnu.org/licenses/gpl.html>
This is free software: you are free to change and redistribute it.
There is NO WARRANTY, to the extent permitted by law.
Type "show copying" and "show warranty" for details.
This GDB was configured as "x86_64-linux-gnu".
Type "show configuration" for configuration details.
For bug reporting instructions, please see:
<http://www.gnu.org/software/gdb/bugs/>.
Find the GDB manual and other documentation resources online at:
    <http://www.gnu.org/software/gdb/documentation/>.

For help, type "help".
Type "apropos word" to search for commands related to "word"...
a.out: No such file or directory.
(gdb) target remote 192.168.7.2:2001
Remote debugging using 192.168.7.2:2001
Reading /mnt/remote/myApps/a.out from remote target...
warning: File transfers from remote targets can be slow. Use "set sysroot" to access files locally instead.
Reading /mnt/remote/myApps/a.out from remote target...
Reading symbols from target:/mnt/remote/myApps/a.out...
Reading /lib/ld-linux-armhf.so.3 from remote target...
Reading /lib/ld-linux-armhf.so.3 from remote target...
Reading symbols from target:/lib/ld-linux-armhf.so.3...
Reading /lib/cdd3bebfff72062151d2b9262c1d6b241b3f0d.debug from remote target...
Reading /lib/.debug/cdd3bebfff72062151d2b9262c1d6b241b3f0d.debug from remote target...
Reading /usr/lib/debug//lib/cdd3bebfff72062151d2b9262c1d6b241b3f0d.debug from remote target...
Reading /usr/lib/debug/lib//cdd3bebfff72062151d2b9262c1d6b241b3f0d.debug from remote target...
Reading target:/usr/lib/debug/lib//cdd3bebfff72062151d2b9262c1d6b241b3f0d.debug from remote target...
(No debugging symbols found in target:/lib/ld-linux-armhf.so.3)
0xb6fd5a80 in ?? () from target:/lib/ld-linux-armhf.so.3
(gdb) info
"info" must be followed by the name of an info command.
List of info subcommands:

info address -- Describe where symbol SYM is stored.
info all-registers -- List of all registers and their contents, for selected stack frame.
info args -- All argument variables of current stack frame or those matching REGEXPs.
info auto-load -- Print current status of auto-loaded files.
info auxv -- Display the inferior's auxiliary vector.
info bookmarks -- Status of user-settable bookmarks.
info breakpoints -- Status of specified breakpoints (all user-settable breakpoints if no argument).
info checkpoints -- IDs of currently known checkpoints.
info classes -- All Objective-C classes, or those matching REGEXP.
info common -- Print out the values contained in a Fortran COMMON block.
info copying -- Conditions for redistributing copies of GDB.
info dcache -- Print information on the dcache performance.
info display -- Expressions to display when program stops, with code numbers.
info exceptions -- List all Ada exception names.
info extensions -- All filename extensions associated with a source language.
info files -- Names of targets and files being debugged.
info float -- Print the status of the floating point unit.
--Type <RET> for more, q to quit, c to continue without paging--c
info frame -- All about the selected stack frame.
info frame-filter -- List all registered Python frame-filters.
info functions -- All function names or those matching REGEXPs.
info guile -- Prefix command for Guile info displays.
info handle -- What debugger does when program gets various signals.
info inferiors -- Print a list of inferiors being managed.
info line -- Core addresses of the code for a source line.
info locals -- All local variables of current stack frame or those matching REGEXPs.
info macro -- Show the definition of MACRO, and it's source location.
info macros -- Show the definitions of all macros at LINESPEC, or the current source location.
info mem -- Memory region attributes.
info module -- Print information about modules.
info modules -- All module names, or those matching REGEXP.
info os -- Show OS data ARG.
info pretty-printer -- GDB command to list all registered pretty-printers.
info probes -- Show available static probes.
info proc -- Show additional information about a process.
info program -- Execution status of the program.
info record -- Info record options.
info registers -- List of integer registers and their contents, for selected stack frame.
info scope -- List the variables local to a scope.
info selectors -- All Objective-C selectors, or those matching REGEXP.
info set -- Show all GDB settings.
info sharedlibrary -- Status of loaded shared object libraries.
info signals -- What debugger does when program gets various signals.
info skip -- Display the status of skips.
info source -- Information about the current source file.
info sources -- All source files in the program or those matching REGEXP.
info stack -- Backtrace of the stack, or innermost COUNT frames.
info static-tracepoint-markers -- List target static tracepoints markers.
info symbol -- Describe what symbol is at location ADDR.
info target -- Names of targets and files being debugged.
info tasks -- Provide information about all known Ada tasks.
info terminal -- Print inferior's saved terminal status.
info threads -- Display currently known threads.
info tracepoints -- Status of specified tracepoints (all tracepoints if no argument).
info tvariables -- Status of trace state variables and their values.
info type-printers -- GDB command to list all registered type-printers.
info types -- All type names, or those matching REGEXP.
info unwinder -- GDB command to list unwinders.
info variables -- All global and static variable names or those matching REGEXPs.
info vector -- Print the status of the vector unit.
info vtbl -- Show the virtual function table for a C++ object.
info warranty -- Various kinds of warranty you do not have.
info watchpoints -- Status of specified watchpoints (all watchpoints if no argument).
info win -- List of all displayed windows.
info xmethod -- GDB command to list registered xmethod matchers.

Type "help info" followed by info subcommand name for full documentation.
Type "apropos word" to search for commands related to "word".
Type "apropos -v word" for full documentation of commands related to "word".
Command name abbreviations are allowed if unambiguous.
(gdb) infp breakpoints
Undefined command: "infp".  Try "help".
(gdb) info breakpoints
No breakpoints or watchpoints.
(gdb) print i
No symbol "i" in current context.
(gdb) continue
Continuing.
Reading /lib/arm-linux-gnueabihf/libc.so.6 from remote target...
Reading /lib/arm-linux-gnueabihf/89f19a899933c324c6f5dd41234f8ae757c9c4.debug from remote target...
Reading /lib/arm-linux-gnueabihf/.debug/89f19a899933c324c6f5dd41234f8ae757c9c4.debug from remote target...
Reading /usr/lib/debug//lib/arm-linux-gnueabihf/89f19a899933c324c6f5dd41234f8ae757c9c4.debug from remote target...
Reading /usr/lib/debug/lib/arm-linux-gnueabihf//89f19a899933c324c6f5dd41234f8ae757c9c4.debug from remote target...
Reading target:/usr/lib/debug/lib/arm-linux-gnueabihf//89f19a899933c324c6f5dd41234f8ae757c9c4.debug from remote target...

Program received signal SIGSEGV, Segmentation fault.
0x004005b6 in swapContent (d1=0x410ff8, d2=0x411050) at noworky.c:19
19		*d1 = tmp;
(gdb) frame
#0  0x004005b6 in swapContent (d1=0x410ff8, d2=0x411050) at noworky.c:19
19		*d1 = tmp;
(gdb) up
#1  0x004005ee in tradeArrays (array1=0x412598, array2=0x4125f0, size=10)
    at noworky.c:30
30			swapContent(array1+i, array2+i);
(gdb) up
#2  0x004006f2 in main () at noworky.c:73
73		tradeArrays(source, target, NUM_ELEMENTS);
(gdb) down
#1  0x004005ee in tradeArrays (array1=0x412598, array2=0x4125f0, size=10)
    at noworky.c:30
30			swapContent(array1+i, array2+i);
(gdb) print i
$1 = 4294966604
(gdb) print size
$2 = 10
(gdb) frame
#1  0x004005ee in tradeArrays (array1=0x412598, array2=0x4125f0, size=10)
    at noworky.c:30
30			swapContent(array1+i, array2+i);
(gdb) step

Program terminated with signal SIGSEGV, Segmentation fault.
The program no longer exists.
You can't do that without a process to debug.
(gdb) quit
/build/gdb-ktlO15/gdb-9.2/gdb/inferior.c:283: internal-error: inferior* find_inferior_pid(int): Assertion `pid != 0' failed.
A problem internal to GDB has been detected,
further debugging may prove unreliable.
Quit this debugging session? (y or n) y

This is a bug, please report it.  For instructions, see:
<http://www.gnu.org/software/gdb/bugs/>.

/build/gdb-ktlO15/gdb-9.2/gdb/inferior.c:283: internal-error: inferior* find_inferior_pid(int): Assertion `pid != 0' failed.
A problem internal to GDB has been detected,
further debugging may prove unreliable.
Create a core file of GDB? (y or n) y
Aborted (core dumped)

